============================= test session starts =============================
platform win32 -- Python 3.11.7, pytest-7.4.0, pluggy-1.0.0
rootdir: C:\Users\kmmay\OneDrive\Desktop\supply-chain-env\supply-chain-env
plugins: anyio-4.12.1
collected 58 items

tests\test_environment.py ...............F.......F.......F...F......FF.. [ 79%]
.F....F.....                                                             [100%]

================================== FAILURES ===================================
____ TestOpenEnvSpec.test_step_returns_result[task_live_realworld_crisis] _____

self = <tests.test_environment.TestOpenEnvSpec object at 0x000002A27C6C3ED0>
task_id = 'task_live_realworld_crisis'

    def test_step_returns_result(self, task_id):
        env = SupplyChainEnv(task_id)
        env.reset()
        action = Action()
>       result = env.step(action)

tests\test_environment.py:68: 
_ _ _ _ _ _ _ _ _ _ _ _ _ _ _ _ _ _ _ _ _ _ _ _ _ _ _ _ _ _ _ _ _ _ _ _ _ _ _ _
env\environment.py:275: in step
    gr = grade(self.task_id, self.obs)
_ _ _ _ _ _ _ _ _ _ _ _ _ _ _ _ _ _ _ _ _ _ _ _ _ _ _ _ _ _ _ _ _ _ _ _ _ _ _ _

task_id = 'task_live_realworld_crisis'
final_obs = Observation(step=1, task_id='task_live_realworld_crisis', task_description='LIVE WEB API MODE. Pinging yfinance, OpenW...000.0, total_budget=250000.0, days_elapsed=0, stockout_risk_skus=['SKU-CABLE-USB', 'SKU-CHIP-A1'], done=False, info={})

    def grade(task_id: str, final_obs: Observation) -> GradeResult:
        if task_id not in GRADERS:
>           raise ValueError(f"No grader for task_id: {task_id}")
E           ValueError: No grader for task_id: task_live_realworld_crisis

graders\graders.py:273: ValueError
_ TestOpenEnvSpec.test_observation_has_required_fields[task_live_realworld_crisis] _

self = <tests.test_environment.TestOpenEnvSpec object at 0x000002A27C6D64D0>
task_id = 'task_live_realworld_crisis'

    def test_observation_has_required_fields(self, task_id):
        env = SupplyChainEnv(task_id)
        result = env.reset()
        obs = result.observation
>       assert len(obs.disruptions) > 0
E       AssertionError: assert 0 > 0
E        +  where 0 = len([])
E        +    where [] = Observation(step=0, task_id='task_live_realworld_crisis', task_description='LIVE WEB API MODE. Pinging yfinance, OpenW...000.0, total_budget=250000.0, days_elapsed=0, stockout_risk_skus=['SKU-CABLE-USB', 'SKU-CHIP-A1'], done=False, info={}).disruptions

tests\test_environment.py:82: AssertionError
________ TestOpenEnvSpec.test_reward_range[task_live_realworld_crisis] ________

self = <tests.test_environment.TestOpenEnvSpec object at 0x000002A27C6CD590>
task_id = 'task_live_realworld_crisis'

    def test_reward_range(self, task_id):
        env = SupplyChainEnv(task_id)
        env.reset()
        for _ in range(3):
>           result = env.step(Action())

tests\test_environment.py:101: 
_ _ _ _ _ _ _ _ _ _ _ _ _ _ _ _ _ _ _ _ _ _ _ _ _ _ _ _ _ _ _ _ _ _ _ _ _ _ _ _
env\environment.py:275: in step
    gr = grade(self.task_id, self.obs)
_ _ _ _ _ _ _ _ _ _ _ _ _ _ _ _ _ _ _ _ _ _ _ _ _ _ _ _ _ _ _ _ _ _ _ _ _ _ _ _

task_id = 'task_live_realworld_crisis'
final_obs = Observation(step=1, task_id='task_live_realworld_crisis', task_description='LIVE WEB API MODE. Pinging yfinance, OpenW...000.0, total_budget=250000.0, days_elapsed=0, stockout_risk_skus=['SKU-CABLE-USB', 'SKU-CHIP-A1'], done=False, info={})

    def grade(task_id: str, final_obs: Observation) -> GradeResult:
        if task_id not in GRADERS:
>           raise ValueError(f"No grader for task_id: {task_id}")
E           ValueError: No grader for task_id: task_live_realworld_crisis

graders\graders.py:273: ValueError
_____ TestOpenEnvSpec.test_episode_terminates[task_live_realworld_crisis] _____

self = <tests.test_environment.TestOpenEnvSpec object at 0x000002A27C6CEDD0>
task_id = 'task_live_realworld_crisis'

    def test_episode_terminates(self, task_id):
        env = SupplyChainEnv(task_id)
        env.reset()
        cfg = TASK_CONFIGS[task_id]
        done = False
        for _ in range(cfg["max_steps"] + 2):
>           result = env.step(Action())

tests\test_environment.py:114: 
_ _ _ _ _ _ _ _ _ _ _ _ _ _ _ _ _ _ _ _ _ _ _ _ _ _ _ _ _ _ _ _ _ _ _ _ _ _ _ _
env\environment.py:275: in step
    gr = grade(self.task_id, self.obs)
_ _ _ _ _ _ _ _ _ _ _ _ _ _ _ _ _ _ _ _ _ _ _ _ _ _ _ _ _ _ _ _ _ _ _ _ _ _ _ _

task_id = 'task_live_realworld_crisis'
final_obs = Observation(step=1, task_id='task_live_realworld_crisis', task_description='LIVE WEB API MODE. Pinging yfinance, OpenW...000.0, total_budget=250000.0, days_elapsed=0, stockout_risk_skus=['SKU-CABLE-USB', 'SKU-CHIP-A1'], done=False, info={})

    def grade(task_id: str, final_obs: Observation) -> GradeResult:
        if task_id not in GRADERS:
>           raise ValueError(f"No grader for task_id: {task_id}")
E           ValueError: No grader for task_id: task_live_realworld_crisis

graders\graders.py:273: ValueError
______ TestActionProcessing.test_noop_action[task_live_realworld_crisis] ______

self = <tests.test_environment.TestActionProcessing object at 0x000002A27C695350>
task_id = 'task_live_realworld_crisis'

    def test_noop_action(self, task_id):
        env = SupplyChainEnv(task_id)
        env.reset()
>       result = env.step(Action())

tests\test_environment.py:193: 
_ _ _ _ _ _ _ _ _ _ _ _ _ _ _ _ _ _ _ _ _ _ _ _ _ _ _ _ _ _ _ _ _ _ _ _ _ _ _ _
env\environment.py:275: in step
    gr = grade(self.task_id, self.obs)
_ _ _ _ _ _ _ _ _ _ _ _ _ _ _ _ _ _ _ _ _ _ _ _ _ _ _ _ _ _ _ _ _ _ _ _ _ _ _ _

task_id = 'task_live_realworld_crisis'
final_obs = Observation(step=1, task_id='task_live_realworld_crisis', task_description='LIVE WEB API MODE. Pinging yfinance, OpenW...000.0, total_budget=250000.0, days_elapsed=0, stockout_risk_skus=['SKU-CABLE-USB', 'SKU-CHIP-A1'], done=False, info={})

    def grade(task_id: str, final_obs: Observation) -> GradeResult:
        if task_id not in GRADERS:
>           raise ValueError(f"No grader for task_id: {task_id}")
E           ValueError: No grader for task_id: task_live_realworld_crisis

graders\graders.py:273: ValueError
___________________ TestGraders.test_all_tasks_have_grader ____________________

self = <tests.test_environment.TestGraders object at 0x000002A27C695710>

    def test_all_tasks_have_grader(self):
        for task_id in TASK_CONFIGS:
>           assert task_id in GRADERS
E           AssertionError: assert 'task_live_realworld_crisis' in {'task_multi_shock_crisis': <function grade_multi_shock_crisis at 0x000002A27C6C40E0>, 'task_port_congestion_cascade':...at 0x000002A27C6C4040>, 'task_single_supplier_failure': <function grade_single_supplier_failure at 0x000002A27C60FF60>}

tests\test_environment.py:206: AssertionError
_______ TestGraders.test_grader_score_range[task_live_realworld_crisis] _______

self = <tests.test_environment.TestGraders object at 0x000002A27C696BD0>
task_id = 'task_live_realworld_crisis'

    def test_grader_score_range(self, task_id):
        env = SupplyChainEnv(task_id)
        env.reset()
        # Run to completion with noop
        obs = None
        for _ in range(TASK_CONFIGS[task_id]["max_steps"]):
>           result = env.step(Action())

tests\test_environment.py:214: 
_ _ _ _ _ _ _ _ _ _ _ _ _ _ _ _ _ _ _ _ _ _ _ _ _ _ _ _ _ _ _ _ _ _ _ _ _ _ _ _
env\environment.py:275: in step
    gr = grade(self.task_id, self.obs)
_ _ _ _ _ _ _ _ _ _ _ _ _ _ _ _ _ _ _ _ _ _ _ _ _ _ _ _ _ _ _ _ _ _ _ _ _ _ _ _

task_id = 'task_live_realworld_crisis'
final_obs = Observation(step=1, task_id='task_live_realworld_crisis', task_description='LIVE WEB API MODE. Pinging yfinance, OpenW...000.0, total_budget=250000.0, days_elapsed=0, stockout_risk_skus=['SKU-CABLE-USB', 'SKU-CHIP-A1'], done=False, info={})

    def grade(task_id: str, final_obs: Observation) -> GradeResult:
        if task_id not in GRADERS:
>           raise ValueError(f"No grader for task_id: {task_id}")
E           ValueError: No grader for task_id: task_live_realworld_crisis

graders\graders.py:273: ValueError
______ TestGraders.test_grader_deterministic[task_live_realworld_crisis] ______

self = <tests.test_environment.TestGraders object at 0x000002A27C68C950>
task_id = 'task_live_realworld_crisis'

    def test_grader_deterministic(self, task_id):
        """Same episode + same actions = same grade."""
        scores = []
        for _ in range(2):
            env = SupplyChainEnv(task_id)
            env.reset()
            for _ in range(3):
>               result = env.step(Action())

tests\test_environment.py:266: 
_ _ _ _ _ _ _ _ _ _ _ _ _ _ _ _ _ _ _ _ _ _ _ _ _ _ _ _ _ _ _ _ _ _ _ _ _ _ _ _
env\environment.py:275: in step
    gr = grade(self.task_id, self.obs)
_ _ _ _ _ _ _ _ _ _ _ _ _ _ _ _ _ _ _ _ _ _ _ _ _ _ _ _ _ _ _ _ _ _ _ _ _ _ _ _

task_id = 'task_live_realworld_crisis'
final_obs = Observation(step=1, task_id='task_live_realworld_crisis', task_description='LIVE WEB API MODE. Pinging yfinance, OpenW...000.0, total_budget=250000.0, days_elapsed=0, stockout_risk_skus=['SKU-CABLE-USB', 'SKU-CHIP-A1'], done=False, info={})

    def grade(task_id: str, final_obs: Observation) -> GradeResult:
        if task_id not in GRADERS:
>           raise ValueError(f"No grader for task_id: {task_id}")
E           ValueError: No grader for task_id: task_live_realworld_crisis

graders\graders.py:273: ValueError
=========================== short test summary info ===========================
FAILED tests/test_environment.py::TestOpenEnvSpec::test_step_returns_result[task_live_realworld_crisis]
FAILED tests/test_environment.py::TestOpenEnvSpec::test_observation_has_required_fields[task_live_realworld_crisis]
FAILED tests/test_environment.py::TestOpenEnvSpec::test_reward_range[task_live_realworld_crisis]
FAILED tests/test_environment.py::TestOpenEnvSpec::test_episode_terminates[task_live_realworld_crisis]
FAILED tests/test_environment.py::TestActionProcessing::test_noop_action[task_live_realworld_crisis]
FAILED tests/test_environment.py::TestGraders::test_all_tasks_have_grader - A...
FAILED tests/test_environment.py::TestGraders::test_grader_score_range[task_live_realworld_crisis]
FAILED tests/test_environment.py::TestGraders::test_grader_deterministic[task_live_realworld_crisis]
======================== 8 failed, 50 passed in 1.06s =========================
